src/components/CommandPalette.tsx(9,5): error TS6133: 'Copy' is declared but its value is never read.
src/pages/Converter.tsx(170,9): error TS6133: 'outputLines' is declared but its value is never read.
src/pages/Converter.tsx(171,9): error TS6133: 'outputChars' is declared but its value is never read.
src/pages/DateTimeConverter.tsx(7,5): error TS6133: 'Download' is declared but its value is never read.
src/pages/DateTimeConverter.tsx(10,5): error TS6133: 'Clipboard' is declared but its value is never read.
src/pages/FileModify.tsx(8,3): error TS6133: 'Rocket' is declared but its value is never read.
src/pages/FileModify.tsx(58,19): error TS6133: 'dismiss' is declared but its value is never read.
src/pages/FileModify.tsx(138,11): error TS6133: 'toastId' is declared but its value is never read.
src/pages/JsonConverter.tsx(7,5): error TS6133: 'Settings' is declared but its value is never read.
src/pages/JsonConverter.tsx(195,55): error TS17001: JSX elements cannot have multiple attributes with the same name.
src/pages/QrFusion.tsx(3,69): error TS6133: 'Zap' is declared but its value is never read.
src/pages/TemplateMapper.tsx(13,5): error TS6133: 'ArrowRight' is declared but its value is never read.
src/pages/TemplateMapper.tsx(14,5): error TS6133: 'Download' is declared but its value is never read.
src/pages/TemplateMapper.tsx(38,21): error TS6133: 'dismiss' is declared but its value is never read.
